------------------------------------------------------------
Timing Analyzer Summary
------------------------------------------------------------

Type  : Slow 1100mV 85C Model Setup 'CLOCK_50'
Slack : -3.625
TNS   : -16043.107

Type  : Slow 1100mV 85C Model Hold 'CLOCK_50'
Slack : 0.373
TNS   : 0.000

Type  : Slow 1100mV 85C Model Minimum Pulse Width 'CLOCK_50'
Slack : -2.174
TNS   : -19108.298

Type  : Slow 1100mV 0C Model Setup 'CLOCK_50'
Slack : -3.445
TNS   : -14966.814

Type  : Slow 1100mV 0C Model Hold 'CLOCK_50'
Slack : 0.389
TNS   : 0.000

Type  : Slow 1100mV 0C Model Minimum Pulse Width 'CLOCK_50'
Slack : -2.174
TNS   : -19059.787

Type  : Fast 1100mV 85C Model Setup 'CLOCK_50'
Slack : -2.047
TNS   : -7929.525

Type  : Fast 1100mV 85C Model Hold 'CLOCK_50'
Slack : 0.181
TNS   : 0.000

Type  : Fast 1100mV 85C Model Minimum Pulse Width 'CLOCK_50'
Slack : -2.174
TNS   : -19331.118

Type  : Fast 1100mV 0C Model Setup 'CLOCK_50'
Slack : -1.655
TNS   : -6322.959

Type  : Fast 1100mV 0C Model Hold 'CLOCK_50'
Slack : 0.172
TNS   : 0.000

Type  : Fast 1100mV 0C Model Minimum Pulse Width 'CLOCK_50'
Slack : -2.174
TNS   : -19654.232

------------------------------------------------------------
